FFF

Failures:

  1) Admin::Users 管理者権限の制御 一般ユーザーとしてログインしている場合 管理画面にアクセスできず、トップページにリダイレクトされる
     Failure/Error: File.utime(t, t, path)

     ActionView::Template::Error:
       Permission denied @ apply2files - /home/nukon999/workspace/tekumemo/tmp/cache/assets/sprockets/v4.0.0/_9/_9JT0xnGHvvtZ8mn1oh1kgX3NFmiNk_w9_PzVzeL-L8.cache

     [Screenshot Image]: /home/nukon999/workspace/tekumemo/tmp/capybara/failures_r_spec_example_groups_admin_users_nested_nested_-_886.png


     # /usr/lib/ruby/3.2.0/fileutils.rb:2028:in `utime'
     # /usr/lib/ruby/3.2.0/fileutils.rb:2028:in `block in touch'
     # /usr/lib/ruby/3.2.0/fileutils.rb:2025:in `each'
     # /usr/lib/ruby/3.2.0/fileutils.rb:2025:in `touch'
     # /home/nukon999/workspace/tekumemo/vendor/bundle/ruby/3.2.0/gems/sprockets-4.2.2/lib/sprockets/cache/file_store.rb:72:in `get'
     # /home/nukon999/workspace/tekumemo/vendor/bundle/ruby/3.2.0/gems/sprockets-4.2.2/lib/sprockets/cache.rb:223:in `get'
     # /home/nukon999/workspace/tekumemo/vendor/bundle/ruby/3.2.0/gems/sprockets-4.2.2/lib/sprockets/cache.rb:90:in `fetch'
     # /home/nukon999/workspace/tekumemo/vendor/bundle/ruby/3.2.0/gems/sprockets-4.2.2/lib/sprockets/base.rb:71:in `file_digest'
     # /home/nukon999/workspace/tekumemo/vendor/bundle/ruby/3.2.0/gems/sprockets-4.2.2/lib/sprockets.rb:213:in `block in <module:Sprockets>'
     # /home/nukon999/workspace/tekumemo/vendor/bundle/ruby/3.2.0/gems/sprockets-4.2.2/lib/sprockets/dependencies.rb:68:in `resolve_dependency'
     # /home/nukon999/workspace/tekumemo/vendor/bundle/ruby/3.2.0/gems/sprockets-4.2.2/lib/sprockets/cached_environment.rb:54:in `block in resolve_dependency'
     # /home/nukon999/workspace/tekumemo/vendor/bundle/ruby/3.2.0/gems/concurrent-ruby-1.3.5/lib/concurrent-ruby/concurrent/map.rb:207:in `block in fetch_or_store'
     # /home/nukon999/workspace/tekumemo/vendor/bundle/ruby/3.2.0/gems/concurrent-ruby-1.3.5/lib/concurrent-ruby/concurrent/map.rb:187:in `fetch'
     # /home/nukon999/workspace/tekumemo/vendor/bundle/ruby/3.2.0/gems/concurrent-ruby-1.3.5/lib/concurrent-ruby/concurrent/map.rb:206:in `fetch_or_store'
     # /home/nukon999/workspace/tekumemo/vendor/bundle/ruby/3.2.0/gems/sprockets-4.2.2/lib/sprockets/cached_environment.rb:54:in `resolve_dependency'
     # /home/nukon999/workspace/tekumemo/vendor/bundle/ruby/3.2.0/gems/sprockets-4.2.2/lib/sprockets/loader.rb:290:in `block in resolve_dependencies'
     # /home/nukon999/workspace/tekumemo/vendor/bundle/ruby/3.2.0/gems/sprockets-4.2.2/lib/sprockets/loader.rb:290:in `map'
     # /home/nukon999/workspace/tekumemo/vendor/bundle/ruby/3.2.0/gems/sprockets-4.2.2/lib/sprockets/loader.rb:290:in `resolve_dependencies'
     # /home/nukon999/workspace/tekumemo/vendor/bundle/ruby/3.2.0/gems/sprockets-4.2.2/lib/sprockets/loader.rb:54:in `block in load'
     # /home/nukon999/workspace/tekumemo/vendor/bundle/ruby/3.2.0/gems/sprockets-4.2.2/lib/sprockets/loader.rb:333:in `block in fetch_asset_from_dependency_cache'
     # /home/nukon999/workspace/tekumemo/vendor/bundle/ruby/3.2.0/gems/sprockets-4.2.2/lib/sprockets/loader.rb:329:in `each'
     # /home/nukon999/workspace/tekumemo/vendor/bundle/ruby/3.2.0/gems/sprockets-4.2.2/lib/sprockets/loader.rb:329:in `each_with_index'
     # /home/nukon999/workspace/tekumemo/vendor/bundle/ruby/3.2.0/gems/sprockets-4.2.2/lib/sprockets/loader.rb:329:in `fetch_asset_from_dependency_cache'
     # /home/nukon999/workspace/tekumemo/vendor/bundle/ruby/3.2.0/gems/sprockets-4.2.2/lib/sprockets/loader.rb:43:in `load'
     # /home/nukon999/workspace/tekumemo/vendor/bundle/ruby/3.2.0/gems/sprockets-4.2.2/lib/sprockets/cached_environment.rb:44:in `block in load'
     # /home/nukon999/workspace/tekumemo/vendor/bundle/ruby/3.2.0/gems/concurrent-ruby-1.3.5/lib/concurrent-ruby/concurrent/map.rb:207:in `block in fetch_or_store'
     # /home/nukon999/workspace/tekumemo/vendor/bundle/ruby/3.2.0/gems/concurrent-ruby-1.3.5/lib/concurrent-ruby/concurrent/map.rb:187:in `fetch'
     # /home/nukon999/workspace/tekumemo/vendor/bundle/ruby/3.2.0/gems/concurrent-ruby-1.3.5/lib/concurrent-ruby/concurrent/map.rb:206:in `fetch_or_store'
     # /home/nukon999/workspace/tekumemo/vendor/bundle/ruby/3.2.0/gems/sprockets-4.2.2/lib/sprockets/cached_environment.rb:44:in `load'
     # /home/nukon999/workspace/tekumemo/vendor/bundle/ruby/3.2.0/gems/sprockets-4.2.2/lib/sprockets/base.rb:81:in `find_asset'
     # /home/nukon999/workspace/tekumemo/vendor/bundle/ruby/3.2.0/gems/sprockets-4.2.2/lib/sprockets/base.rb:88:in `find_all_linked_assets'
     # /home/nukon999/workspace/tekumemo/vendor/bundle/ruby/3.2.0/gems/sprockets-4.2.2/lib/sprockets/manifest.rb:125:in `each'
     # /home/nukon999/workspace/tekumemo/vendor/bundle/ruby/3.2.0/gems/sprockets-4.2.2/lib/sprockets/manifest.rb:125:in `to_a'
     # /home/nukon999/workspace/tekumemo/vendor/bundle/ruby/3.2.0/gems/sprockets-4.2.2/lib/sprockets/manifest.rb:125:in `block (2 levels) in find'
     # /home/nukon999/workspace/tekumemo/vendor/bundle/ruby/3.2.0/gems/concurrent-ruby-1.3.5/lib/concurrent-ruby/concurrent/executor/safe_task_executor.rb:24:in `block in execute'
     # /home/nukon999/workspace/tekumemo/vendor/bundle/ruby/3.2.0/gems/concurrent-ruby-1.3.5/lib/concurrent-ruby/concurrent/synchronization/mutex_lockable_object.rb:48:in `block in synchronize'
     # /home/nukon999/workspace/tekumemo/vendor/bundle/ruby/3.2.0/gems/concurrent-ruby-1.3.5/lib/concurrent-ruby/concurrent/synchronization/mutex_lockable_object.rb:48:in `synchronize'
     # /home/nukon999/workspace/tekumemo/vendor/bundle/ruby/3.2.0/gems/concurrent-ruby-1.3.5/lib/concurrent-ruby/concurrent/synchronization/mutex_lockable_object.rb:48:in `synchronize'
     # /home/nukon999/workspace/tekumemo/vendor/bundle/ruby/3.2.0/gems/concurrent-ruby-1.3.5/lib/concurrent-ruby/concurrent/executor/safe_task_executor.rb:22:in `execute'
     # /home/nukon999/workspace/tekumemo/vendor/bundle/ruby/3.2.0/gems/concurrent-ruby-1.3.5/lib/concurrent-ruby/concurrent/promise.rb:564:in `block in realize'
     # /home/nukon999/workspace/tekumemo/vendor/bundle/ruby/3.2.0/gems/concurrent-ruby-1.3.5/lib/concurrent-ruby/concurrent/executor/ruby_thread_pool_executor.rb:359:in `run_task'
     # /home/nukon999/workspace/tekumemo/vendor/bundle/ruby/3.2.0/gems/concurrent-ruby-1.3.5/lib/concurrent-ruby/concurrent/executor/ruby_thread_pool_executor.rb:350:in `block (3 levels) in create_worker'
     # /home/nukon999/workspace/tekumemo/vendor/bundle/ruby/3.2.0/gems/concurrent-ruby-1.3.5/lib/concurrent-ruby/concurrent/executor/ruby_thread_pool_executor.rb:341:in `loop'
     # /home/nukon999/workspace/tekumemo/vendor/bundle/ruby/3.2.0/gems/concurrent-ruby-1.3.5/lib/concurrent-ruby/concurrent/executor/ruby_thread_pool_executor.rb:341:in `block (2 levels) in create_worker'
     # /home/nukon999/workspace/tekumemo/vendor/bundle/ruby/3.2.0/gems/concurrent-ruby-1.3.5/lib/concurrent-ruby/concurrent/executor/ruby_thread_pool_executor.rb:340:in `catch'
     # /home/nukon999/workspace/tekumemo/vendor/bundle/ruby/3.2.0/gems/concurrent-ruby-1.3.5/lib/concurrent-ruby/concurrent/executor/ruby_thread_pool_executor.rb:340:in `block in create_worker'
     # 
     #   Showing full backtrace because every line was filtered out.
     #   See docs for RSpec::Configuration#backtrace_exclusion_patterns and
     #   RSpec::Configuration#backtrace_inclusion_patterns for more information.
     # ------------------
     # --- Caused by: ---
     # Errno::EACCES:
     #   Permission denied @ apply2files - /home/nukon999/workspace/tekumemo/tmp/cache/assets/sprockets/v4.0.0/_9/_9JT0xnGHvvtZ8mn1oh1kgX3NFmiNk_w9_PzVzeL-L8.cache
     #   /usr/lib/ruby/3.2.0/fileutils.rb:2028:in `utime'

  2) Admin::Users 管理者権限の制御 管理者としてログインしている場合 管理画面（ユーザー一覧）にアクセスできる
     Failure/Error: File.utime(t, t, path)

     ActionView::Template::Error:
       Permission denied @ apply2files - /home/nukon999/workspace/tekumemo/tmp/cache/assets/sprockets/v4.0.0/_9/_9JT0xnGHvvtZ8mn1oh1kgX3NFmiNk_w9_PzVzeL-L8.cache

     [Screenshot Image]: /home/nukon999/workspace/tekumemo/tmp/capybara/failures_r_spec_example_groups_admin_users_nested_nested_2_-_385.png


     # /usr/lib/ruby/3.2.0/fileutils.rb:2028:in `utime'
     # /usr/lib/ruby/3.2.0/fileutils.rb:2028:in `block in touch'
     # /usr/lib/ruby/3.2.0/fileutils.rb:2025:in `each'
     # /usr/lib/ruby/3.2.0/fileutils.rb:2025:in `touch'
     # /home/nukon999/workspace/tekumemo/vendor/bundle/ruby/3.2.0/gems/sprockets-4.2.2/lib/sprockets/cache/file_store.rb:72:in `get'
     # /home/nukon999/workspace/tekumemo/vendor/bundle/ruby/3.2.0/gems/sprockets-4.2.2/lib/sprockets/cache.rb:223:in `get'
     # /home/nukon999/workspace/tekumemo/vendor/bundle/ruby/3.2.0/gems/sprockets-4.2.2/lib/sprockets/cache.rb:90:in `fetch'
     # /home/nukon999/workspace/tekumemo/vendor/bundle/ruby/3.2.0/gems/sprockets-4.2.2/lib/sprockets/base.rb:71:in `file_digest'
     # /home/nukon999/workspace/tekumemo/vendor/bundle/ruby/3.2.0/gems/sprockets-4.2.2/lib/sprockets.rb:213:in `block in <module:Sprockets>'
     # /home/nukon999/workspace/tekumemo/vendor/bundle/ruby/3.2.0/gems/sprockets-4.2.2/lib/sprockets/dependencies.rb:68:in `resolve_dependency'
     # /home/nukon999/workspace/tekumemo/vendor/bundle/ruby/3.2.0/gems/sprockets-4.2.2/lib/sprockets/cached_environment.rb:54:in `block in resolve_dependency'
     # /home/nukon999/workspace/tekumemo/vendor/bundle/ruby/3.2.0/gems/concurrent-ruby-1.3.5/lib/concurrent-ruby/concurrent/map.rb:207:in `block in fetch_or_store'
     # /home/nukon999/workspace/tekumemo/vendor/bundle/ruby/3.2.0/gems/concurrent-ruby-1.3.5/lib/concurrent-ruby/concurrent/map.rb:187:in `fetch'
     # /home/nukon999/workspace/tekumemo/vendor/bundle/ruby/3.2.0/gems/concurrent-ruby-1.3.5/lib/concurrent-ruby/concurrent/map.rb:206:in `fetch_or_store'
     # /home/nukon999/workspace/tekumemo/vendor/bundle/ruby/3.2.0/gems/sprockets-4.2.2/lib/sprockets/cached_environment.rb:54:in `resolve_dependency'
     # /home/nukon999/workspace/tekumemo/vendor/bundle/ruby/3.2.0/gems/sprockets-4.2.2/lib/sprockets/loader.rb:290:in `block in resolve_dependencies'
     # /home/nukon999/workspace/tekumemo/vendor/bundle/ruby/3.2.0/gems/sprockets-4.2.2/lib/sprockets/loader.rb:290:in `map'
     # /home/nukon999/workspace/tekumemo/vendor/bundle/ruby/3.2.0/gems/sprockets-4.2.2/lib/sprockets/loader.rb:290:in `resolve_dependencies'
     # /home/nukon999/workspace/tekumemo/vendor/bundle/ruby/3.2.0/gems/sprockets-4.2.2/lib/sprockets/loader.rb:54:in `block in load'
     # /home/nukon999/workspace/tekumemo/vendor/bundle/ruby/3.2.0/gems/sprockets-4.2.2/lib/sprockets/loader.rb:333:in `block in fetch_asset_from_dependency_cache'
     # /home/nukon999/workspace/tekumemo/vendor/bundle/ruby/3.2.0/gems/sprockets-4.2.2/lib/sprockets/loader.rb:329:in `each'
     # /home/nukon999/workspace/tekumemo/vendor/bundle/ruby/3.2.0/gems/sprockets-4.2.2/lib/sprockets/loader.rb:329:in `each_with_index'
     # /home/nukon999/workspace/tekumemo/vendor/bundle/ruby/3.2.0/gems/sprockets-4.2.2/lib/sprockets/loader.rb:329:in `fetch_asset_from_dependency_cache'
     # /home/nukon999/workspace/tekumemo/vendor/bundle/ruby/3.2.0/gems/sprockets-4.2.2/lib/sprockets/loader.rb:43:in `load'
     # /home/nukon999/workspace/tekumemo/vendor/bundle/ruby/3.2.0/gems/sprockets-4.2.2/lib/sprockets/cached_environment.rb:44:in `block in load'
     # /home/nukon999/workspace/tekumemo/vendor/bundle/ruby/3.2.0/gems/concurrent-ruby-1.3.5/lib/concurrent-ruby/concurrent/map.rb:207:in `block in fetch_or_store'
     # /home/nukon999/workspace/tekumemo/vendor/bundle/ruby/3.2.0/gems/concurrent-ruby-1.3.5/lib/concurrent-ruby/concurrent/map.rb:187:in `fetch'
     # /home/nukon999/workspace/tekumemo/vendor/bundle/ruby/3.2.0/gems/concurrent-ruby-1.3.5/lib/concurrent-ruby/concurrent/map.rb:206:in `fetch_or_store'
     # /home/nukon999/workspace/tekumemo/vendor/bundle/ruby/3.2.0/gems/sprockets-4.2.2/lib/sprockets/cached_environment.rb:44:in `load'
     # /home/nukon999/workspace/tekumemo/vendor/bundle/ruby/3.2.0/gems/sprockets-4.2.2/lib/sprockets/base.rb:81:in `find_asset'
     # /home/nukon999/workspace/tekumemo/vendor/bundle/ruby/3.2.0/gems/sprockets-4.2.2/lib/sprockets/base.rb:88:in `find_all_linked_assets'
     # /home/nukon999/workspace/tekumemo/vendor/bundle/ruby/3.2.0/gems/sprockets-4.2.2/lib/sprockets/manifest.rb:125:in `each'
     # /home/nukon999/workspace/tekumemo/vendor/bundle/ruby/3.2.0/gems/sprockets-4.2.2/lib/sprockets/manifest.rb:125:in `to_a'
     # /home/nukon999/workspace/tekumemo/vendor/bundle/ruby/3.2.0/gems/sprockets-4.2.2/lib/sprockets/manifest.rb:125:in `block (2 levels) in find'
     # /home/nukon999/workspace/tekumemo/vendor/bundle/ruby/3.2.0/gems/concurrent-ruby-1.3.5/lib/concurrent-ruby/concurrent/executor/safe_task_executor.rb:24:in `block in execute'
     # /home/nukon999/workspace/tekumemo/vendor/bundle/ruby/3.2.0/gems/concurrent-ruby-1.3.5/lib/concurrent-ruby/concurrent/synchronization/mutex_lockable_object.rb:48:in `block in synchronize'
     # /home/nukon999/workspace/tekumemo/vendor/bundle/ruby/3.2.0/gems/concurrent-ruby-1.3.5/lib/concurrent-ruby/concurrent/synchronization/mutex_lockable_object.rb:48:in `synchronize'
     # /home/nukon999/workspace/tekumemo/vendor/bundle/ruby/3.2.0/gems/concurrent-ruby-1.3.5/lib/concurrent-ruby/concurrent/synchronization/mutex_lockable_object.rb:48:in `synchronize'
     # /home/nukon999/workspace/tekumemo/vendor/bundle/ruby/3.2.0/gems/concurrent-ruby-1.3.5/lib/concurrent-ruby/concurrent/executor/safe_task_executor.rb:22:in `execute'
     # /home/nukon999/workspace/tekumemo/vendor/bundle/ruby/3.2.0/gems/concurrent-ruby-1.3.5/lib/concurrent-ruby/concurrent/promise.rb:564:in `block in realize'
     # /home/nukon999/workspace/tekumemo/vendor/bundle/ruby/3.2.0/gems/concurrent-ruby-1.3.5/lib/concurrent-ruby/concurrent/executor/ruby_thread_pool_executor.rb:359:in `run_task'
     # /home/nukon999/workspace/tekumemo/vendor/bundle/ruby/3.2.0/gems/concurrent-ruby-1.3.5/lib/concurrent-ruby/concurrent/executor/ruby_thread_pool_executor.rb:350:in `block (3 levels) in create_worker'
     # /home/nukon999/workspace/tekumemo/vendor/bundle/ruby/3.2.0/gems/concurrent-ruby-1.3.5/lib/concurrent-ruby/concurrent/executor/ruby_thread_pool_executor.rb:341:in `loop'
     # /home/nukon999/workspace/tekumemo/vendor/bundle/ruby/3.2.0/gems/concurrent-ruby-1.3.5/lib/concurrent-ruby/concurrent/executor/ruby_thread_pool_executor.rb:341:in `block (2 levels) in create_worker'
     # /home/nukon999/workspace/tekumemo/vendor/bundle/ruby/3.2.0/gems/concurrent-ruby-1.3.5/lib/concurrent-ruby/concurrent/executor/ruby_thread_pool_executor.rb:340:in `catch'
     # /home/nukon999/workspace/tekumemo/vendor/bundle/ruby/3.2.0/gems/concurrent-ruby-1.3.5/lib/concurrent-ruby/concurrent/executor/ruby_thread_pool_executor.rb:340:in `block in create_worker'
     # 
     #   Showing full backtrace because every line was filtered out.
     #   See docs for RSpec::Configuration#backtrace_exclusion_patterns and
     #   RSpec::Configuration#backtrace_inclusion_patterns for more information.
     # ------------------
     # --- Caused by: ---
     # Errno::EACCES:
     #   Permission denied @ apply2files - /home/nukon999/workspace/tekumemo/tmp/cache/assets/sprockets/v4.0.0/_9/_9JT0xnGHvvtZ8mn1oh1kgX3NFmiNk_w9_PzVzeL-L8.cache
     #   /usr/lib/ruby/3.2.0/fileutils.rb:2028:in `utime'

  3) Admin::Users ユーザー削除機能 一般ユーザーを削除できる
     Failure/Error: File.utime(t, t, path)

     ActionView::Template::Error:
       Permission denied @ apply2files - /home/nukon999/workspace/tekumemo/tmp/cache/assets/sprockets/v4.0.0/_9/_9JT0xnGHvvtZ8mn1oh1kgX3NFmiNk_w9_PzVzeL-L8.cache

     [Screenshot Image]: /home/nukon999/workspace/tekumemo/tmp/capybara/failures_r_spec_example_groups_admin_users_nested_2_-_426.png


     # /usr/lib/ruby/3.2.0/fileutils.rb:2028:in `utime'
     # /usr/lib/ruby/3.2.0/fileutils.rb:2028:in `block in touch'
     # /usr/lib/ruby/3.2.0/fileutils.rb:2025:in `each'
     # /usr/lib/ruby/3.2.0/fileutils.rb:2025:in `touch'
     # /home/nukon999/workspace/tekumemo/vendor/bundle/ruby/3.2.0/gems/sprockets-4.2.2/lib/sprockets/cache/file_store.rb:72:in `get'
     # /home/nukon999/workspace/tekumemo/vendor/bundle/ruby/3.2.0/gems/sprockets-4.2.2/lib/sprockets/cache.rb:223:in `get'
     # /home/nukon999/workspace/tekumemo/vendor/bundle/ruby/3.2.0/gems/sprockets-4.2.2/lib/sprockets/cache.rb:90:in `fetch'
     # /home/nukon999/workspace/tekumemo/vendor/bundle/ruby/3.2.0/gems/sprockets-4.2.2/lib/sprockets/base.rb:71:in `file_digest'
     # /home/nukon999/workspace/tekumemo/vendor/bundle/ruby/3.2.0/gems/sprockets-4.2.2/lib/sprockets.rb:213:in `block in <module:Sprockets>'
     # /home/nukon999/workspace/tekumemo/vendor/bundle/ruby/3.2.0/gems/sprockets-4.2.2/lib/sprockets/dependencies.rb:68:in `resolve_dependency'
     # /home/nukon999/workspace/tekumemo/vendor/bundle/ruby/3.2.0/gems/sprockets-4.2.2/lib/sprockets/cached_environment.rb:54:in `block in resolve_dependency'
     # /home/nukon999/workspace/tekumemo/vendor/bundle/ruby/3.2.0/gems/concurrent-ruby-1.3.5/lib/concurrent-ruby/concurrent/map.rb:207:in `block in fetch_or_store'
     # /home/nukon999/workspace/tekumemo/vendor/bundle/ruby/3.2.0/gems/concurrent-ruby-1.3.5/lib/concurrent-ruby/concurrent/map.rb:187:in `fetch'
     # /home/nukon999/workspace/tekumemo/vendor/bundle/ruby/3.2.0/gems/concurrent-ruby-1.3.5/lib/concurrent-ruby/concurrent/map.rb:206:in `fetch_or_store'
     # /home/nukon999/workspace/tekumemo/vendor/bundle/ruby/3.2.0/gems/sprockets-4.2.2/lib/sprockets/cached_environment.rb:54:in `resolve_dependency'
     # /home/nukon999/workspace/tekumemo/vendor/bundle/ruby/3.2.0/gems/sprockets-4.2.2/lib/sprockets/loader.rb:290:in `block in resolve_dependencies'
     # /home/nukon999/workspace/tekumemo/vendor/bundle/ruby/3.2.0/gems/sprockets-4.2.2/lib/sprockets/loader.rb:290:in `map'
     # /home/nukon999/workspace/tekumemo/vendor/bundle/ruby/3.2.0/gems/sprockets-4.2.2/lib/sprockets/loader.rb:290:in `resolve_dependencies'
     # /home/nukon999/workspace/tekumemo/vendor/bundle/ruby/3.2.0/gems/sprockets-4.2.2/lib/sprockets/loader.rb:54:in `block in load'
     # /home/nukon999/workspace/tekumemo/vendor/bundle/ruby/3.2.0/gems/sprockets-4.2.2/lib/sprockets/loader.rb:333:in `block in fetch_asset_from_dependency_cache'
     # /home/nukon999/workspace/tekumemo/vendor/bundle/ruby/3.2.0/gems/sprockets-4.2.2/lib/sprockets/loader.rb:329:in `each'
     # /home/nukon999/workspace/tekumemo/vendor/bundle/ruby/3.2.0/gems/sprockets-4.2.2/lib/sprockets/loader.rb:329:in `each_with_index'
     # /home/nukon999/workspace/tekumemo/vendor/bundle/ruby/3.2.0/gems/sprockets-4.2.2/lib/sprockets/loader.rb:329:in `fetch_asset_from_dependency_cache'
     # /home/nukon999/workspace/tekumemo/vendor/bundle/ruby/3.2.0/gems/sprockets-4.2.2/lib/sprockets/loader.rb:43:in `load'
     # /home/nukon999/workspace/tekumemo/vendor/bundle/ruby/3.2.0/gems/sprockets-4.2.2/lib/sprockets/cached_environment.rb:44:in `block in load'
     # /home/nukon999/workspace/tekumemo/vendor/bundle/ruby/3.2.0/gems/concurrent-ruby-1.3.5/lib/concurrent-ruby/concurrent/map.rb:207:in `block in fetch_or_store'
     # /home/nukon999/workspace/tekumemo/vendor/bundle/ruby/3.2.0/gems/concurrent-ruby-1.3.5/lib/concurrent-ruby/concurrent/map.rb:187:in `fetch'
     # /home/nukon999/workspace/tekumemo/vendor/bundle/ruby/3.2.0/gems/concurrent-ruby-1.3.5/lib/concurrent-ruby/concurrent/map.rb:206:in `fetch_or_store'
     # /home/nukon999/workspace/tekumemo/vendor/bundle/ruby/3.2.0/gems/sprockets-4.2.2/lib/sprockets/cached_environment.rb:44:in `load'
     # /home/nukon999/workspace/tekumemo/vendor/bundle/ruby/3.2.0/gems/sprockets-4.2.2/lib/sprockets/base.rb:81:in `find_asset'
     # /home/nukon999/workspace/tekumemo/vendor/bundle/ruby/3.2.0/gems/sprockets-4.2.2/lib/sprockets/base.rb:88:in `find_all_linked_assets'
     # /home/nukon999/workspace/tekumemo/vendor/bundle/ruby/3.2.0/gems/sprockets-4.2.2/lib/sprockets/manifest.rb:125:in `each'
     # /home/nukon999/workspace/tekumemo/vendor/bundle/ruby/3.2.0/gems/sprockets-4.2.2/lib/sprockets/manifest.rb:125:in `to_a'
     # /home/nukon999/workspace/tekumemo/vendor/bundle/ruby/3.2.0/gems/sprockets-4.2.2/lib/sprockets/manifest.rb:125:in `block (2 levels) in find'
     # /home/nukon999/workspace/tekumemo/vendor/bundle/ruby/3.2.0/gems/concurrent-ruby-1.3.5/lib/concurrent-ruby/concurrent/executor/safe_task_executor.rb:24:in `block in execute'
     # /home/nukon999/workspace/tekumemo/vendor/bundle/ruby/3.2.0/gems/concurrent-ruby-1.3.5/lib/concurrent-ruby/concurrent/synchronization/mutex_lockable_object.rb:48:in `block in synchronize'
     # /home/nukon999/workspace/tekumemo/vendor/bundle/ruby/3.2.0/gems/concurrent-ruby-1.3.5/lib/concurrent-ruby/concurrent/synchronization/mutex_lockable_object.rb:48:in `synchronize'
     # /home/nukon999/workspace/tekumemo/vendor/bundle/ruby/3.2.0/gems/concurrent-ruby-1.3.5/lib/concurrent-ruby/concurrent/synchronization/mutex_lockable_object.rb:48:in `synchronize'
     # /home/nukon999/workspace/tekumemo/vendor/bundle/ruby/3.2.0/gems/concurrent-ruby-1.3.5/lib/concurrent-ruby/concurrent/executor/safe_task_executor.rb:22:in `execute'
     # /home/nukon999/workspace/tekumemo/vendor/bundle/ruby/3.2.0/gems/concurrent-ruby-1.3.5/lib/concurrent-ruby/concurrent/promise.rb:564:in `block in realize'
     # /home/nukon999/workspace/tekumemo/vendor/bundle/ruby/3.2.0/gems/concurrent-ruby-1.3.5/lib/concurrent-ruby/concurrent/executor/ruby_thread_pool_executor.rb:359:in `run_task'
     # /home/nukon999/workspace/tekumemo/vendor/bundle/ruby/3.2.0/gems/concurrent-ruby-1.3.5/lib/concurrent-ruby/concurrent/executor/ruby_thread_pool_executor.rb:350:in `block (3 levels) in create_worker'
     # /home/nukon999/workspace/tekumemo/vendor/bundle/ruby/3.2.0/gems/concurrent-ruby-1.3.5/lib/concurrent-ruby/concurrent/executor/ruby_thread_pool_executor.rb:341:in `loop'
     # /home/nukon999/workspace/tekumemo/vendor/bundle/ruby/3.2.0/gems/concurrent-ruby-1.3.5/lib/concurrent-ruby/concurrent/executor/ruby_thread_pool_executor.rb:341:in `block (2 levels) in create_worker'
     # /home/nukon999/workspace/tekumemo/vendor/bundle/ruby/3.2.0/gems/concurrent-ruby-1.3.5/lib/concurrent-ruby/concurrent/executor/ruby_thread_pool_executor.rb:340:in `catch'
     # /home/nukon999/workspace/tekumemo/vendor/bundle/ruby/3.2.0/gems/concurrent-ruby-1.3.5/lib/concurrent-ruby/concurrent/executor/ruby_thread_pool_executor.rb:340:in `block in create_worker'
     # 
     #   Showing full backtrace because every line was filtered out.
     #   See docs for RSpec::Configuration#backtrace_exclusion_patterns and
     #   RSpec::Configuration#backtrace_inclusion_patterns for more information.
     # ------------------
     # --- Caused by: ---
     # Errno::EACCES:
     #   Permission denied @ apply2files - /home/nukon999/workspace/tekumemo/tmp/cache/assets/sprockets/v4.0.0/_9/_9JT0xnGHvvtZ8mn1oh1kgX3NFmiNk_w9_PzVzeL-L8.cache
     #   /usr/lib/ruby/3.2.0/fileutils.rb:2028:in `utime'

Top 3 slowest examples (1.27 seconds, 99.8% of total time):
  Admin::Users 管理者権限の制御 一般ユーザーとしてログインしている場合 管理画面にアクセスできず、トップページにリダイレクトされる
    0.80985 seconds ./spec/system/admin_users_spec.rb:13
  Admin::Users 管理者権限の制御 管理者としてログインしている場合 管理画面（ユーザー一覧）にアクセスできる
    0.23088 seconds ./spec/system/admin_users_spec.rb:25
  Admin::Users ユーザー削除機能 一般ユーザーを削除できる
    0.22948 seconds ./spec/system/admin_users_spec.rb:40

Finished in 1.27 seconds (files took 0.866 seconds to load)
3 examples, 3 failures

Failed examples:

rspec ./spec/system/admin_users_spec.rb:13 # Admin::Users 管理者権限の制御 一般ユーザーとしてログインしている場合 管理画面にアクセスできず、トップページにリダイレクトされる
rspec ./spec/system/admin_users_spec.rb:25 # Admin::Users 管理者権限の制御 管理者としてログインしている場合 管理画面（ユーザー一覧）にアクセスできる
rspec ./spec/system/admin_users_spec.rb:40 # Admin::Users ユーザー削除機能 一般ユーザーを削除できる

