Current Path: /users/sign_in
Status Code: 403
Body: <!DOCTYPE html>
<html lang="en">
<head>
  <meta charset="utf-8" />
  <meta name="viewport" content="width=device-width, initial-scale=1">
  <meta name="turbo-visit-control" content="reload">
  <title>Action Controller: Exception caught</title>
  <style>
    body {
      background-color: #FAFAFA;
      color: #333;
      color-scheme: light dark;
      supported-color-schemes: light dark;
      margin: 0px;
    }

    body, p, ol, ul, td {
      font-family: helvetica, verdana, arial, sans-serif;
      font-size:   13px;
      line-height: 18px;
    }

    pre {
      font-size: 11px;
      white-space: pre-wrap;
    }

    pre.box {
      border: 1px solid #EEE;
      padding: 10px;
      margin: 0px;
      width: 958px;
    }

    header {
      color: #F0F0F0;
      background: #C00;
      padding: 0.5em 1.5em;
    }

    h1 {
      overflow-wrap: break-word;
      margin: 0.2em 0;
      line-height: 1.1em;
      font-size: 2em;
    }

    h2 {
      color: #C00;
      line-height: 25px;
    }

    code.traces {
      font-size: 11px;
    }

    .response-heading, .request-heading {
      margin-top: 30px;
    }

    .exception-message {
      padding: 8px 0;
    }

    .exception-message .message {
      margin-bottom: 8px;
      line-height: 25px;
      font-size: 1.5em;
      font-weight: bold;
      color: #C00;
    }

    .details {
      border: 1px solid #D0D0D0;
      border-radius: 4px;
      margin: 1em 0px;
      display: block;
      max-width: 978px;
    }

    .summary {
      padding: 8px 15px;
      border-bottom: 1px solid #D0D0D0;
      display: block;
    }

    a.summary {
      color: #F0F0F0;
      text-decoration: none;
      background: #C52F24;
      border-bottom: none;
    }

    .details pre {
      margin: 5px;
      border: none;
    }

    #container {
      box-sizing: border-box;
      width: 100%;
      padding: 0 1.5em;
    }

    .source * {
      margin: 0px;
      padding: 0px;
    }

    .source {
      border: 1px solid #D9D9D9;
      background: #ECECEC;
      max-width: 978px;
    }

    .source pre {
      padding: 10px 0px;
      border: none;
    }

    .source .data {
      font-size: 80%;
      overflow: auto;
      background-color: #FFF;
    }

    .info {
      padding: 0.5em;
    }

    .source .data .line_numbers {
      background-color: #ECECEC;
      color: #555;
      padding: 1em .5em;
      border-right: 1px solid #DDD;
      text-align: right;
    }

    .line {
      padding-left: 10px;
      white-space: pre;
    }

    .line:hover {
      background-color: #F6F6F6;
    }

    .line.active {
      background-color: #FCC;
    }

    .error_highlight {
      display: inline-block;
      background-color: #FF9;
      text-decoration: #F00 wavy underline;
    }

    .error_highlight_tip {
      color: #666;
      padding: 2px 2px;
      font-size: 10px;
    }

    .button_to {
      display: inline-block;
      margin-top: 0.75em;
      margin-bottom: 0.75em;
    }

    .hidden {
      display: none;
    }

    .correction {
      list-style-type: none;
    }

    input[type="submit"] {
      color: white;
      background-color: #C00;
      border: none;
      border-radius: 12px;
      box-shadow: 0 3px #F99;
      font-size: 13px;
      font-weight: bold;
      margin: 0;
      padding: 10px 18px;
      cursor: pointer;
      -webkit-appearance: none;
    }
    input[type="submit"]:focus,
    input[type="submit"]:hover {
      opacity: 0.8;
    }
    input[type="submit"]:active {
      box-shadow: 0 2px #F99;
      transform: translateY(1px)
    }

    a { color: #980905; }
    a:visited { color: #666; }
    a.trace-frames {
      color: #666;
      overflow-wrap: break-word;
    }
    a:hover, a.trace-frames.selected { color: #C00; }
    a.summary:hover { color: #FFF; }

    @media (prefers-color-scheme: dark) {
      body {
        background-color: #222;
        color: #ECECEC;
      }

      .details, .summary {
        border-color: #666;
      }

      .source {
        border-color: #555;
        background-color: #333;
      }

      .source .data {
        background: #444;
      }

      .source .data .line_numbers {
        background: #333;
        border-color: #222;
      }

      .line:hover {
        background: #666;
      }

      .line.active {
        background-color: #900;
      }

      .error_highlight {
        color: #333;
      }

      input[type="submit"] {
        box-shadow: 0 3px #800;
      }
      input[type="submit"]:active {
        box-shadow: 0 2px #800;
      }

      a { color: #C00; }
      a.trace-frames { color: #999; }
      a:hover, a.trace-frames.selected { color: #E9382B; }
    }

    
  </style>

  <script>
    var toggle = function(id) {
      document.getElementById(id).classList.toggle('hidden');
      return false;
    }
    var show = function(id) {
      document.getElementById(id).style.display = 'block';
    }
    var hide = function(id) {
      document.getElementById(id).style.display = 'none';
    }
    var toggleSessionDump = function() {
      return toggle('session_dump');
    }
    var toggleEnvDump = function() {
      return toggle('env_dump');
    }
  </script>
</head>
<body>

  <!-- BEGIN /usr/local/bundle/gems/actionpack-7.2.3/lib/action_dispatch/middleware/templates/rescues/blocked_host.html.erb --><header>
  <h1>Blocked hosts: www.example.com</h1>
</header>
<main role="main" id="container">
  <h2>To allow requests to these hosts, make sure they are valid hostnames (containing only numbers, letters, dashes and dots), then add the following to your environment configuration:</h2>
  <pre>
    config.hosts &lt;&lt; "www.example.com"
  </pre>
  <p>For more details view: <a href="https://guides.rubyonrails.org/configuring.html#actiondispatch-hostauthorization">the Host Authorization guide</a></p>
</main>
<!-- END /usr/local/bundle/gems/actionpack-7.2.3/lib/action_dispatch/middleware/templates/rescues/blocked_host.html.erb -->

</body>
</html>
F

Failures:

  1) Walks 散歩記録の新規作成 フォームに正常な値を入力した場合 散歩記録が保存され、一覧画面に表示されること
     Failure/Error: fill_in "user_email", with: user.email

     Capybara::ElementNotFound:
       Unable to find field "user_email" that is not disabled
     # /usr/local/bundle/gems/capybara-3.40.0/lib/capybara/node/finders.rb:312:in `block in synced_resolve'
     # /usr/local/bundle/gems/capybara-3.40.0/lib/capybara/node/base.rb:84:in `synchronize'
     # /usr/local/bundle/gems/capybara-3.40.0/lib/capybara/node/finders.rb:301:in `synced_resolve'
     # /usr/local/bundle/gems/capybara-3.40.0/lib/capybara/node/finders.rb:60:in `find'
     # /usr/local/bundle/gems/capybara-3.40.0/lib/capybara/node/actions.rb:91:in `fill_in'
     # /usr/local/bundle/gems/capybara-3.40.0/lib/capybara/session.rb:774:in `fill_in'
     # /usr/local/bundle/gems/capybara-3.40.0/lib/capybara/dsl.rb:52:in `call'
     # /usr/local/bundle/gems/capybara-3.40.0/lib/capybara/dsl.rb:52:in `fill_in'
     # ./spec/system/walks_spec.rb:17:in `block (3 levels) in <top (required)>'

Finished in 0.20301 seconds (files took 2.33 seconds to load)
1 example, 1 failure

Failed examples:

rspec ./spec/system/walks_spec.rb:23 # Walks 散歩記録の新規作成 フォームに正常な値を入力した場合 散歩記録が保存され、一覧画面に表示されること

